// Jest Snapshot v1, https://goo.gl/fbAQLP

exports[`ContactForm match snapshot 1`] = `
{
  "asFragment": [Function],
  "baseElement": <body>
    <div>
      <div
        class="css-1jlvcm7"
        id="contact"
      >
        <div
          class="css-b4kcmh"
        >
          <div
            class="css-ojqyia"
          >
            <img
              alt="Bg image - logo"
              class="chakra-image css-o0922y"
              src="https://sunkenstudio-strapi-cms.nyc3.digitaloceanspaces.com/b8c12199347804e795219ef484f5572e.jpeg"
              typename="ComponentCommonImage"
            />
            <div
              class="css-1bauqsl"
            />
          </div>
        </div>
        <div
          class="chakra-stack css-7pq1ey"
        >
          <h3
            class="chakra-heading css-qmgl8q"
          >
            Contact
          </h3>
          <form
            style="display: flex; width: 100%; justify-content: center;"
          >
            <div
              class="chakra-stack css-dpw1x7"
            >
              <div
                class="chakra-form-control css-0"
                role="group"
              >
                <label
                  class="chakra-form__label css-uvho5g"
                  for="name"
                  id="field-:r0:-label"
                >
                  NAME
                  <span
                    aria-hidden="true"
                    class="chakra-form__required-indicator css-0"
                    role="presentation"
                  >
                    *
                  </span>
                </label>
                <input
                  aria-required="true"
                  class="chakra-input css-cxmp86"
                  id="name"
                  name="NAME"
                  required=""
                  type="text"
                  value=""
                />
              </div>
              <div
                class="chakra-form-control css-0"
                role="group"
              >
                <label
                  class="chakra-form__label css-uvho5g"
                  for="start_time"
                  id="field-:r1:-label"
                >
                  STARTTIME
                  <span
                    aria-hidden="true"
                    class="chakra-form__required-indicator css-0"
                    role="presentation"
                  >
                    *
                  </span>
                </label>
                <input
                  aria-required="true"
                  class="chakra-input css-cxmp86"
                  id="start_time"
                  name="STARTTIME"
                  required=""
                  type="time"
                  value=""
                />
              </div>
              <div
                class="chakra-form-control css-0"
                role="group"
              >
                <label
                  class="chakra-form__label css-uvho5g"
                  for="date"
                  id="field-:r2:-label"
                >
                  DATE
                  <span
                    aria-hidden="true"
                    class="chakra-form__required-indicator css-0"
                    role="presentation"
                  >
                    *
                  </span>
                </label>
                <input
                  aria-required="true"
                  class="chakra-input css-cxmp86"
                  id="date"
                  name="DATE"
                  required=""
                  type="time"
                  value=""
                />
              </div>
              <div
                class="chakra-stack css-8g8ihq"
              >
                <div
                  class="chakra-form-control css-0"
                  role="group"
                >
                  <label
                    class="chakra-form__label css-uvho5g"
                    for="dropdown"
                    id="field-:r3:-label"
                  >
                    DROPDOWN
                    <span
                      aria-hidden="true"
                      class="chakra-form__required-indicator css-0"
                      role="presentation"
                    >
                      *
                    </span>
                  </label>
                  <div
                    class="chakra-select__wrapper css-42b2qy"
                  >
                    <select
                      aria-required="true"
                      class="chakra-select css-1x2j97e"
                      id="dropdown"
                      name="DROPDOWN"
                      required=""
                    >
                      <option
                        value="Option 1"
                      >
                        Option 1
                      </option>
                      <option
                        value="Option 2"
                      >
                        Option 2
                      </option>
                    </select>
                    <div
                      class="chakra-select__icon-wrapper css-162mkon"
                    >
                      <svg
                        aria-hidden="true"
                        class="chakra-select__icon"
                        focusable="false"
                        role="presentation"
                        style="width: 1em; height: 1em; color: currentColor;"
                        viewBox="0 0 24 24"
                      >
                        <path
                          d="M16.59 8.59L12 13.17 7.41 8.59 6 10l6 6 6-6z"
                          fill="currentColor"
                        />
                      </svg>
                    </div>
                  </div>
                </div>
              </div>
              <div
                class="chakra-form-control css-0"
                role="group"
              >
                <label
                  class="chakra-form__label css-uvho5g"
                  for="message"
                  id="field-:r4:-label"
                >
                  MESSAGE
                  <span
                    aria-hidden="true"
                    class="chakra-form__required-indicator css-0"
                    role="presentation"
                  >
                    *
                  </span>
                </label>
                <textarea
                  aria-required="true"
                  class="chakra-textarea css-0"
                  id="message"
                  name="MESSAGE"
                  required=""
                />
              </div>
              <button
                class="chakra-button css-1qrv8y5"
                type="submit"
              >
                SUBMIT
              </button>
            </div>
          </form>
        </div>
      </div>
    </div>
  </body>,
  "container": <div>
    <div
      class="css-1jlvcm7"
      id="contact"
    >
      <div
        class="css-b4kcmh"
      >
        <div
          class="css-ojqyia"
        >
          <img
            alt="Bg image - logo"
            class="chakra-image css-o0922y"
            src="https://sunkenstudio-strapi-cms.nyc3.digitaloceanspaces.com/b8c12199347804e795219ef484f5572e.jpeg"
            typename="ComponentCommonImage"
          />
          <div
            class="css-1bauqsl"
          />
        </div>
      </div>
      <div
        class="chakra-stack css-7pq1ey"
      >
        <h3
          class="chakra-heading css-qmgl8q"
        >
          Contact
        </h3>
        <form
          style="display: flex; width: 100%; justify-content: center;"
        >
          <div
            class="chakra-stack css-dpw1x7"
          >
            <div
              class="chakra-form-control css-0"
              role="group"
            >
              <label
                class="chakra-form__label css-uvho5g"
                for="name"
                id="field-:r0:-label"
              >
                NAME
                <span
                  aria-hidden="true"
                  class="chakra-form__required-indicator css-0"
                  role="presentation"
                >
                  *
                </span>
              </label>
              <input
                aria-required="true"
                class="chakra-input css-cxmp86"
                id="name"
                name="NAME"
                required=""
                type="text"
                value=""
              />
            </div>
            <div
              class="chakra-form-control css-0"
              role="group"
            >
              <label
                class="chakra-form__label css-uvho5g"
                for="start_time"
                id="field-:r1:-label"
              >
                STARTTIME
                <span
                  aria-hidden="true"
                  class="chakra-form__required-indicator css-0"
                  role="presentation"
                >
                  *
                </span>
              </label>
              <input
                aria-required="true"
                class="chakra-input css-cxmp86"
                id="start_time"
                name="STARTTIME"
                required=""
                type="time"
                value=""
              />
            </div>
            <div
              class="chakra-form-control css-0"
              role="group"
            >
              <label
                class="chakra-form__label css-uvho5g"
                for="date"
                id="field-:r2:-label"
              >
                DATE
                <span
                  aria-hidden="true"
                  class="chakra-form__required-indicator css-0"
                  role="presentation"
                >
                  *
                </span>
              </label>
              <input
                aria-required="true"
                class="chakra-input css-cxmp86"
                id="date"
                name="DATE"
                required=""
                type="time"
                value=""
              />
            </div>
            <div
              class="chakra-stack css-8g8ihq"
            >
              <div
                class="chakra-form-control css-0"
                role="group"
              >
                <label
                  class="chakra-form__label css-uvho5g"
                  for="dropdown"
                  id="field-:r3:-label"
                >
                  DROPDOWN
                  <span
                    aria-hidden="true"
                    class="chakra-form__required-indicator css-0"
                    role="presentation"
                  >
                    *
                  </span>
                </label>
                <div
                  class="chakra-select__wrapper css-42b2qy"
                >
                  <select
                    aria-required="true"
                    class="chakra-select css-1x2j97e"
                    id="dropdown"
                    name="DROPDOWN"
                    required=""
                  >
                    <option
                      value="Option 1"
                    >
                      Option 1
                    </option>
                    <option
                      value="Option 2"
                    >
                      Option 2
                    </option>
                  </select>
                  <div
                    class="chakra-select__icon-wrapper css-162mkon"
                  >
                    <svg
                      aria-hidden="true"
                      class="chakra-select__icon"
                      focusable="false"
                      role="presentation"
                      style="width: 1em; height: 1em; color: currentColor;"
                      viewBox="0 0 24 24"
                    >
                      <path
                        d="M16.59 8.59L12 13.17 7.41 8.59 6 10l6 6 6-6z"
                        fill="currentColor"
                      />
                    </svg>
                  </div>
                </div>
              </div>
            </div>
            <div
              class="chakra-form-control css-0"
              role="group"
            >
              <label
                class="chakra-form__label css-uvho5g"
                for="message"
                id="field-:r4:-label"
              >
                MESSAGE
                <span
                  aria-hidden="true"
                  class="chakra-form__required-indicator css-0"
                  role="presentation"
                >
                  *
                </span>
              </label>
              <textarea
                aria-required="true"
                class="chakra-textarea css-0"
                id="message"
                name="MESSAGE"
                required=""
              />
            </div>
            <button
              class="chakra-button css-1qrv8y5"
              type="submit"
            >
              SUBMIT
            </button>
          </div>
        </form>
      </div>
    </div>
  </div>,
  "debug": [Function],
  "findAllByAltText": [Function],
  "findAllByDisplayValue": [Function],
  "findAllByLabelText": [Function],
  "findAllByPlaceholderText": [Function],
  "findAllByRole": [Function],
  "findAllByTestId": [Function],
  "findAllByText": [Function],
  "findAllByTitle": [Function],
  "findByAltText": [Function],
  "findByDisplayValue": [Function],
  "findByLabelText": [Function],
  "findByPlaceholderText": [Function],
  "findByRole": [Function],
  "findByTestId": [Function],
  "findByText": [Function],
  "findByTitle": [Function],
  "getAllByAltText": [Function],
  "getAllByDisplayValue": [Function],
  "getAllByLabelText": [Function],
  "getAllByPlaceholderText": [Function],
  "getAllByRole": [Function],
  "getAllByTestId": [Function],
  "getAllByText": [Function],
  "getAllByTitle": [Function],
  "getByAltText": [Function],
  "getByDisplayValue": [Function],
  "getByLabelText": [Function],
  "getByPlaceholderText": [Function],
  "getByRole": [Function],
  "getByTestId": [Function],
  "getByText": [Function],
  "getByTitle": [Function],
  "queryAllByAltText": [Function],
  "queryAllByDisplayValue": [Function],
  "queryAllByLabelText": [Function],
  "queryAllByPlaceholderText": [Function],
  "queryAllByRole": [Function],
  "queryAllByTestId": [Function],
  "queryAllByText": [Function],
  "queryAllByTitle": [Function],
  "queryByAltText": [Function],
  "queryByDisplayValue": [Function],
  "queryByLabelText": [Function],
  "queryByPlaceholderText": [Function],
  "queryByRole": [Function],
  "queryByTestId": [Function],
  "queryByText": [Function],
  "queryByTitle": [Function],
  "rerender": [Function],
  "unmount": [Function],
}
`;
